../Core/Src/main2.cpp:29:6:void setRunDelay(uint32_t)	16	static
../Core/Src/main2.cpp:33:10:uint32_t getRunDelay()	8	static
../Core/Src/main2.cpp:37:6:void setBlinkDelay(uint32_t)	16	static
../Core/Src/main2.cpp:41:10:uint32_t getBlinkDelay()	8	static
../Core/Src/main2.cpp:60:5:int _read(int, char*, int)	40	static
../Core/Src/main2.cpp:69:5:int _write(int, char*, int)	40	static
../Core/Src/main2.cpp:84:6:void println(const char*)	16	static
../Core/Src/main2.cpp:88:6:void getInputs()	8	static
../Core/Src/main2.cpp:94:6:void putOutputs()	8	static
../Core/Src/main2.cpp:99:6:void ledsOff()	8	static
../Core/Src/main2.cpp:105:6:void ledOn(_ledColor)	16	static
../Core/Src/main2.cpp:111:6:void setLED(_ledState, _ledColor)	16	static
../Core/Src/main2.cpp:134:6:void doBlink()	8	static
../Core/Src/main2.cpp:149:10:uint32_t getTimeSetpoint(uint32_t)	24	static
../Core/Src/main2.cpp:163:6:void printRunStats(uint32_t, uint32_t)	40	static
../Core/Src/main2.cpp:175:6:void RunStartTiming()	8	static
../Core/Src/main2.cpp:179:6:void RunEndTiming()	16	static
../Core/Src/main2.cpp:193:5:int main()	16	static
../Core/Src/main2.cpp:321:6:void SystemClock_Config()	112	static
../Core/Src/main2.cpp:367:6:void Error_Handler()	8	static,ignoring_inline_asm
