../Core/Src/main2.cpp:21:6:void setRunDelay(uint32_t)	16	static
../Core/Src/main2.cpp:25:10:uint32_t getRunDelay()	8	static
../Core/Src/main2.cpp:29:6:void setBlinkDelay(uint32_t)	16	static
../Core/Src/main2.cpp:33:10:uint32_t getBlinkDelay()	8	static
../Core/Src/main2.cpp:77:6:void print(const char*)	16	static
../Core/Src/main2.cpp:81:6:void println(const char*)	16	static
../Core/Src/main2.cpp:86:6:void getInputs()	8	static
../Core/Src/main2.cpp:92:6:void putOutputs()	8	static
../Core/Src/main2.cpp:97:6:void ledsOff()	8	static
../Core/Src/main2.cpp:103:6:void ledOn(_ledColor)	16	static
../Core/Src/main2.cpp:109:6:void setLED(_ledState, _ledColor)	16	static
../Core/Src/main2.cpp:132:6:void doBlink()	8	static
../Core/Src/main2.cpp:147:10:uint32_t getTimeSetpoint(uint32_t)	24	static
../Core/Src/main2.cpp:156:5:int main()	8	static
../Core/Src/main2.cpp:267:6:void SystemClock_Config()	112	static
../Core/Src/main2.cpp:321:6:void Error_Handler()	8	static,ignoring_inline_asm
